\BOOKMARK [1][-]{section.1}{\376\377\000G\000i\000r\000i\001\137}{}% 1
\BOOKMARK [2][-]{subsection.1.1}{\376\377\000M\000o\000t\000i\000v\000a\000s\000y\000o\000n\000\040\000v\000e\000\040\000P\000r\000o\000b\000l\000e\000m\000\040\000T\000a\000n\001\061\000m\001\061}{section.1}% 2
\BOOKMARK [2][-]{subsection.1.2}{\376\377\000\307\000a\000l\001\061\001\137\000m\000a\000n\001\061\000n\000\040\000A\000m\000a\000c\001\061\000\040\000v\000e\000\040\000K\000a\000p\000s\000a\000m\001\061}{section.1}% 3
\BOOKMARK [2][-]{subsection.1.3}{\376\377\000M\000a\000k\000a\000l\000e\000n\000i\000n\000\040\000O\000r\000g\000a\000n\000i\000z\000a\000s\000y\000o\000n\000u}{section.1}% 4
\BOOKMARK [1][-]{section.2}{\376\377\001\060\000l\000g\000i\000l\000i\000\040\000\307\000a\000l\001\061\001\137\000m\000a\000l\000a\000r\000\040\000v\000e\000\040\000T\000e\000o\000r\000i\000k\000\040\000A\000r\000k\000a\000\040\000P\000l\000a\000n}{}% 5
\BOOKMARK [2][-]{subsection.2.1}{\376\377\000\326\000z\000e\000l\000l\000i\000k\000\040\000S\000e\000\347\000i\000m\000i\000\040\000Y\000\366\000n\000t\000e\000m\000l\000e\000r\000i}{section.2}% 6
\BOOKMARK [3][-]{subsubsection.2.1.1}{\376\377\000F\000i\000l\000t\000r\000e\000l\000e\000m\000e\000\040\000Y\000\366\000n\000t\000e\000m\000l\000e\000r\000i}{subsection.2.1}% 7
\BOOKMARK [3][-]{subsubsection.2.1.2}{\376\377\000S\000a\000r\000m\000a\000l\000a\000y\001\061\000c\001\061\000\040\000Y\000\366\000n\000t\000e\000m\000l\000e\000r}{subsection.2.1}% 8
\BOOKMARK [3][-]{subsubsection.2.1.3}{\376\377\000G\000\366\000m\000\374\000l\000\374\000\040\000Y\000\366\000n\000t\000e\000m\000l\000e\000r}{subsection.2.1}% 9
\BOOKMARK [2][-]{subsection.2.2}{\376\377\000O\000n\000l\000i\000n\000e\000\040\000N\000e\000w\000s\000\040\000P\000o\000p\000u\000l\000a\000r\000i\000t\000y\000\040\000T\000a\000h\000m\000i\000n\000i}{section.2}% 10
\BOOKMARK [1][-]{section.3}{\376\377\000M\000e\000t\000o\000d\000o\000l\000o\000j\000i}{}% 11
\BOOKMARK [2][-]{subsection.3.1}{\376\377\000V\000e\000r\000i\000\040\000K\000\374\000m\000e\000s\000i}{section.3}% 12
\BOOKMARK [2][-]{subsection.3.2}{\376\377\000V\000e\000r\000i\000\040\000\326\000n\000\040\001\060\001\137\000l\000e\000m\000e}{section.3}% 13
\BOOKMARK [3][-]{subsubsection.3.2.1}{\376\377\000\326\000z\000e\000l\000l\000i\000k\000\040\000T\000e\000m\000i\000z\000l\000e\000m\000e}{subsection.3.2}% 14
\BOOKMARK [3][-]{subsubsection.3.2.2}{\376\377\000H\000e\000d\000e\000f\000\040\000D\000e\001\037\000i\001\137\000k\000e\000n\000\040\000D\000\366\000n\000\374\001\137\000\374\000m\000\374}{subsection.3.2}% 15
\BOOKMARK [3][-]{subsubsection.3.2.3}{\376\377\000V\000e\000r\000i\000\040\000B\000\366\000l\000m\000e\000\040\000S\000t\000r\000a\000t\000e\000j\000i\000s\000i}{subsection.3.2}% 16
\BOOKMARK [3][-]{subsubsection.3.2.4}{\376\377\000\326\000z\000e\000l\000l\000i\000k\000\040\000\326\000l\000\347\000e\000k\000l\000e\000n\000d\000i\000r\000m\000e}{subsection.3.2}% 17
\BOOKMARK [2][-]{subsection.3.3}{\376\377\000\326\000z\000e\000l\000l\000i\000k\000\040\000S\000e\000\347\000i\000m\000i\000\040\000Y\000\366\000n\000t\000e\000m\000l\000e\000r\000i\000n\000i\000n\000\040\000U\000y\000g\000u\000l\000a\000n\000m\000a\000s\001\061}{section.3}% 18
\BOOKMARK [3][-]{subsubsection.3.3.1}{\376\377\000F\000i\000l\000t\000r\000e\000l\000e\000m\000e\000\040\000Y\000\366\000n\000t\000e\000m\000i\000:\000\040\000P\000e\000a\000r\000s\000o\000n\000\040\000K\000o\000r\000e\000l\000a\000s\000y\000o\000n\000u}{subsection.3.3}% 19
\BOOKMARK [3][-]{subsubsection.3.3.2}{\376\377\000S\000a\000r\000m\000a\000l\000a\000y\001\061\000c\001\061\000\040\000Y\000\366\000n\000t\000e\000m\000:\000\040\000R\000e\000c\000u\000r\000s\000i\000v\000e\000\040\000F\000e\000a\000t\000u\000r\000e\000\040\000E\000l\000i\000m\000i\000n\000a\000t\000i\000o\000n\000\040\000\050\000R\000F\000E\000\051}{subsection.3.3}% 20
\BOOKMARK [3][-]{subsubsection.3.3.3}{\376\377\000G\000\366\000m\000\374\000l\000\374\000\040\000Y\000\366\000n\000t\000e\000m\000:\000\040\000R\000a\000n\000d\000o\000m\000\040\000F\000o\000r\000e\000s\000t\000\040\000\326\000z\000e\000l\000l\000i\000k\000\040\000\326\000n\000e\000m\000i}{subsection.3.3}% 21
\BOOKMARK [2][-]{subsection.3.4}{\376\377\000M\000o\000d\000e\000l\000\040\000E\001\037\000i\000t\000i\000m\000i\000\040\000v\000e\000\040\000D\000e\001\037\000e\000r\000l\000e\000n\000d\000i\000r\000m\000e}{section.3}% 22
\BOOKMARK [3][-]{subsubsection.3.4.1}{\376\377\000S\001\061\000n\001\061\000f\000l\000a\000n\000d\001\061\000r\001\061\000c\001\061\000:\000\040\000L\000o\000j\000i\000s\000t\000i\000k\000\040\000R\000e\000g\000r\000e\000s\000y\000o\000n}{subsection.3.4}% 23
\BOOKMARK [3][-]{subsubsection.3.4.2}{\376\377\000R\000e\000g\000u\000l\000a\000r\000i\000z\000a\000s\000y\000o\000n\000\040\000v\000e\000\040\000H\000i\000p\000e\000r\000p\000a\000r\000a\000m\000e\000t\000r\000e\000\040\000O\000p\000t\000i\000m\000i\000z\000a\000s\000y\000o\000n\000u}{subsection.3.4}% 24
\BOOKMARK [3][-]{subsubsection.3.4.3}{\376\377\000\307\000a\000p\000r\000a\000z\000\040\000D\000o\001\037\000r\000u\000l\000a\000m\000a\000\040\000S\000t\000r\000a\000t\000e\000j\000i\000s\000i}{subsection.3.4}% 25
\BOOKMARK [2][-]{subsection.3.5}{\376\377\000D\000e\001\037\000e\000r\000l\000e\000n\000d\000i\000r\000m\000e\000\040\000M\000e\000t\000r\000i\000k\000l\000e\000r\000i}{section.3}% 26
\BOOKMARK [1][-]{section.4}{\376\377\000D\000e\000n\000e\000y\000s\000e\000l\000\040\000S\000o\000n\000u\000\347\000l\000a\000r}{}% 27
\BOOKMARK [2][-]{subsection.4.1}{\376\377\000\326\000z\000e\000l\000l\000i\000k\000\040\000S\000e\000\347\000i\000m\000i\000\040\000S\000o\000n\000u\000\347\000l\000a\000r\001\061}{section.4}% 28
\BOOKMARK [3][-]{subsubsection.4.1.1}{\376\377\000F\000i\000l\000t\000r\000e\000l\000e\000m\000e\000\040\000Y\000\366\000n\000t\000e\000m\000i\000\040\000S\000o\000n\000u\000\347\000l\000a\000r\001\061}{subsection.4.1}% 29
\BOOKMARK [3][-]{subsubsection.4.1.2}{\376\377\000S\000a\000r\000m\000a\000l\000a\000y\001\061\000c\001\061\000\040\000Y\000\366\000n\000t\000e\000m\000\040\000S\000o\000n\000u\000\347\000l\000a\000r\001\061}{subsection.4.1}% 30
\BOOKMARK [3][-]{subsubsection.4.1.3}{\376\377\000G\000\366\000m\000\374\000l\000\374\000\040\000Y\000\366\000n\000t\000e\000m\000\040\000S\000o\000n\000u\000\347\000l\000a\000r\001\061}{subsection.4.1}% 31
\BOOKMARK [3][-]{subsubsection.4.1.4}{\376\377\000\326\000z\000e\000l\000l\000i\000k\000\040\000K\000a\000r\001\137\001\061\000l\000a\001\137\000t\001\061\000r\000m\000a\000s\001\061\000\040\000v\000e\000\040\000O\000r\000t\000a\000k\000\040\000\326\000z\000e\000l\000l\000i\000k\000l\000e\000r}{subsection.4.1}% 32
\BOOKMARK [2][-]{subsection.4.2}{\376\377\000R\000e\000g\000u\000l\000a\000r\000i\000z\000a\000s\000y\000o\000n\000\040\000P\000a\000r\000a\000m\000e\000t\000r\000e\000s\000i\000\040\000O\000p\000t\000i\000m\000i\000z\000a\000s\000y\000o\000n\000u}{section.4}% 33
\BOOKMARK [2][-]{subsection.4.3}{\376\377\000M\000o\000d\000e\000l\000\040\000P\000e\000r\000f\000o\000r\000m\000a\000n\000s\000\040\000S\000o\000n\000u\000\347\000l\000a\000r\001\061}{section.4}% 34
\BOOKMARK [3][-]{subsubsection.4.3.1}{\376\377\000\307\000a\000p\000r\000a\000z\000\040\000D\000o\001\037\000r\000u\000l\000a\000m\000a\000\040\000S\000o\000n\000u\000\347\000l\000a\000r\001\061}{subsection.4.3}% 35
\BOOKMARK [3][-]{subsubsection.4.3.2}{\376\377\000T\000e\000s\000t\000\040\000S\000e\000t\000i\000\040\000S\000o\000n\000u\000\347\000l\000a\000r\001\061}{subsection.4.3}% 36
\BOOKMARK [2][-]{subsection.4.4}{\376\377\000O\000p\000t\000i\000m\000u\000m\000\040\000\326\000z\000e\000l\000l\000i\000k\000\040\000S\000a\000y\001\061\000s\001\061\000\040\000A\000r\000a\001\137\000t\001\061\000r\000m\000a\000s\001\061}{section.4}% 37
\BOOKMARK [2][-]{subsection.4.5}{\376\377\000K\000a\000r\001\061\001\137\001\061\000k\000l\001\061\000k\000\040\000M\000a\000t\000r\000i\000s\000i\000\040\000A\000n\000a\000l\000i\000z\000i}{section.4}% 38
\BOOKMARK [1][-]{section.5}{\376\377\000T\000a\000r\000t\001\061\001\137\000m\000a}{}% 39
\BOOKMARK [2][-]{subsection.5.1}{\376\377\000A\000r\000a\001\137\000t\001\061\000r\000m\000a\000\040\000S\000o\000r\000u\000l\000a\000r\001\061\000n\001\061\000n\000\040\000Y\000a\000n\001\061\000t\000l\000a\000n\000m\000a\000s\001\061}{section.5}% 40
\BOOKMARK [2][-]{subsection.5.2}{\376\377\000S\001\061\000n\001\061\000r\000l\001\061\000l\001\061\000k\000l\000a\000r\000\040\000v\000e\000\040\000G\000e\000l\000e\000c\000e\000k\000\040\000\307\000a\000l\001\061\001\137\000m\000a\000l\000a\000r}{section.5}% 41
\BOOKMARK [1][-]{section.6}{\376\377\000S\000o\000n\000u\000\347}{}% 42
\BOOKMARK [1][-]{section*.1}{\376\377\000K\000a\000y\000n\000a\000k\000l\000a\000r}{}% 43
